   Compiling shlex v1.3.0
   Compiling zmij v1.0.23
   Compiling serde_core v1.0.229
   Compiling serde_json v1.0.151
   Compiling cc v1.2.16
   Compiling memchr v2.8.3
   Compiling itoa v1.0.18
   Compiling cmake v0.1.54
   Compiling tileforge-draco v0.1.0 (/mnt/data2/draco/review-fixes-20260906/source)
    Finished `release` profile [optimized] target(s) in 55.74s
     Running unittests src/lib.rs (/mnt/data2/draco/review-fixes-20260906/target/release/deps/tileforge_draco-6d101dbbe307c6ab)

running 17 tests
test tests::a_mesh_needs_exactly_one_position_attribute ... ok
test tests::a_grid_spacing_must_be_a_power_of_two ... ok
test tests::a_bit_count_moves_a_shared_vertex_that_is_not_on_a_corner ... ok
test tests::a_grid_holds_the_same_vertex_that_a_bit_count_moves ... ok
test tests::a_mesh_round_trips ... ok
test tests::an_attribute_of_the_wrong_length_is_refused ... ok
test tests::an_empty_mesh_is_refused_with_a_clear_message ... ok
test tests::a_truncated_bitstream_is_refused_rather_than_trusted ... ok
test tests::an_index_past_the_end_is_refused ... ok
test tests::a_unit_square_lattice_holds_a_texture_coordinate_that_an_auto_fit_moves ... ok
test tests::power_of_two_at_most_rounds_down ... ok
test tests::every_attribute_comes_back_under_its_own_unique_id ... ok
test tests::snapping_preserves_large_aligned_coordinates ... ok
test tests::snapping_keeps_the_halfway_rule ... ok
test tests::neighbouring_tiles_agree_on_a_shared_edge ... ok
test tests::snapping_puts_every_vertex_on_the_grid ... ok
test tests::snapping_rejects_invalid_results_without_partial_mutation ... ok

test result: ok. 17 passed; 0 failed; 0 ignored; 0 measured; 0 filtered out; finished in 0.00s

     Running tests/grid_corpus.rs (/mnt/data2/draco/review-fixes-20260906/target/release/deps/grid_corpus-fc1cabc4b3098b52)

running 1 test
test grid_corpus_preserves_lattice_through_native_roundtrip ... ignored, mesh grid corpus on .212 under /mnt/data2/gridcorpus/dump

test result: ok. 0 passed; 0 failed; 1 ignored; 0 measured; 0 filtered out; finished in 0.00s

     Running unittests examples/glbpos.rs (/mnt/data2/draco/review-fixes-20260906/target/release/examples/glbpos-7eac9c9ade60ac55)

running 0 tests

test result: ok. 0 passed; 0 failed; 0 ignored; 0 measured; 0 filtered out; finished in 0.00s

